23:07:44 **** ¹¹½¨ of configuration Debug for project test1 ****
make -j4 all 
arm-none-eabi-gcc "../rt-thread/src/clock.c"
arm-none-eabi-gcc "../rt-thread/src/components.c"
arm-none-eabi-gcc "../rt-thread/src/device.c"
arm-none-eabi-gcc "../rt-thread/src/idle.c"
arm-none-eabi-gcc "../rt-thread/src/ipc.c"
arm-none-eabi-gcc "../rt-thread/src/irq.c"
arm-none-eabi-gcc "../rt-thread/src/kservice.c"
arm-none-eabi-gcc "../rt-thread/src/mem.c"
arm-none-eabi-gcc "../rt-thread/src/mempool.c"
arm-none-eabi-gcc "../rt-thread/src/object.c"
arm-none-eabi-gcc "../rt-thread/src/scheduler.c"
arm-none-eabi-gcc "../rt-thread/src/signal.c"
arm-none-eabi-gcc "../rt-thread/src/thread.c"
arm-none-eabi-gcc "../rt-thread/src/timer.c"
arm-none-eabi-gcc "../rt-thread/libcpu/arm/cortex-m3/context_gcc.S"
arm-none-eabi-gcc "../rt-thread/libcpu/arm/cortex-m3/cpuport.c"
arm-none-eabi-gcc "../rt-thread/libcpu/arm/common/backtrace.c"
arm-none-eabi-gcc "../rt-thread/libcpu/arm/common/div0.c"
arm-none-eabi-gcc "../rt-thread/libcpu/arm/common/showmem.c"
arm-none-eabi-gcc "../rt-thread/components/libc/compilers/minilibc/ctype.c"
arm-none-eabi-gcc "../rt-thread/components/libc/compilers/minilibc/math.c"
arm-none-eabi-gcc "../rt-thread/components/libc/compilers/minilibc/qsort.c"
arm-none-eabi-gcc "../rt-thread/components/libc/compilers/minilibc/rand.c"
arm-none-eabi-gcc "../rt-thread/components/libc/compilers/minilibc/stdlib.c"
arm-none-eabi-gcc "../rt-thread/components/libc/compilers/minilibc/string.c"
arm-none-eabi-gcc "../rt-thread/components/libc/compilers/minilibc/time.c"
arm-none-eabi-gcc "../rt-thread/components/finsh/cmd.c"
arm-none-eabi-gcc "../rt-thread/components/finsh/msh.c"
arm-none-eabi-gcc "../rt-thread/components/finsh/shell.c"
arm-none-eabi-gcc "../rt-thread/components/drivers/src/completion.c"
arm-none-eabi-gcc "../rt-thread/components/drivers/src/dataqueue.c"
arm-none-eabi-gcc "../rt-thread/components/drivers/src/pipe.c"
arm-none-eabi-gcc "../rt-thread/components/drivers/src/ringblk_buf.c"
arm-none-eabi-gcc "../rt-thread/components/drivers/src/ringbuffer.c"
arm-none-eabi-gcc "../rt-thread/components/drivers/src/waitqueue.c"
arm-none-eabi-gcc "../rt-thread/components/drivers/src/workqueue.c"
arm-none-eabi-gcc "../rt-thread/components/drivers/serial/serial.c"
arm-none-eabi-gcc "../rt-thread/components/drivers/misc/pin.c"
arm-none-eabi-gcc "../libraries/STM32F1xx_HAL_Driver/Src/Legacy/stm32f1xx_hal_can.c"
arm-none-eabi-gcc "../libraries/STM32F1xx_HAL_Driver/Src/stm32f1xx_hal.c"
arm-none-eabi-gcc "../libraries/STM32F1xx_HAL_Driver/Src/stm32f1xx_hal_adc.c"
arm-none-eabi-gcc "../libraries/STM32F1xx_HAL_Driver/Src/stm32f1xx_hal_adc_ex.c"
arm-none-eabi-gcc "../libraries/STM32F1xx_HAL_Driver/Src/stm32f1xx_hal_can.c"
arm-none-eabi-gcc "../libraries/STM32F1xx_HAL_Driver/Src/stm32f1xx_hal_cec.c"
arm-none-eabi-gcc "../libraries/STM32F1xx_HAL_Driver/Src/stm32f1xx_hal_cortex.c"
arm-none-eabi-gcc "../libraries/STM32F1xx_HAL_Driver/Src/stm32f1xx_hal_crc.c"
arm-none-eabi-gcc "../libraries/STM32F1xx_HAL_Driver/Src/stm32f1xx_hal_dac.c"
arm-none-eabi-gcc "../libraries/STM32F1xx_HAL_Driver/Src/stm32f1xx_hal_dac_ex.c"
arm-none-eabi-gcc "../libraries/STM32F1xx_HAL_Driver/Src/stm32f1xx_hal_dma.c"
arm-none-eabi-gcc "../libraries/STM32F1xx_HAL_Driver/Src/stm32f1xx_hal_eth.c"
arm-none-eabi-gcc "../libraries/STM32F1xx_HAL_Driver/Src/stm32f1xx_hal_exti.c"
arm-none-eabi-gcc "../libraries/STM32F1xx_HAL_Driver/Src/stm32f1xx_hal_flash.c"
arm-none-eabi-gcc "../libraries/STM32F1xx_HAL_Driver/Src/stm32f1xx_hal_flash_ex.c"
arm-none-eabi-gcc "../libraries/STM32F1xx_HAL_Driver/Src/stm32f1xx_hal_gpio.c"
arm-none-eabi-gcc "../libraries/STM32F1xx_HAL_Driver/Src/stm32f1xx_hal_gpio_ex.c"
arm-none-eabi-gcc "../libraries/STM32F1xx_HAL_Driver/Src/stm32f1xx_hal_hcd.c"
arm-none-eabi-gcc "../libraries/STM32F1xx_HAL_Driver/Src/stm32f1xx_hal_i2c.c"
arm-none-eabi-gcc "../libraries/STM32F1xx_HAL_Driver/Src/stm32f1xx_hal_i2s.c"
arm-none-eabi-gcc "../libraries/STM32F1xx_HAL_Driver/Src/stm32f1xx_hal_irda.c"
arm-none-eabi-gcc "../libraries/STM32F1xx_HAL_Driver/Src/stm32f1xx_hal_iwdg.c"
arm-none-eabi-gcc "../libraries/STM32F1xx_HAL_Driver/Src/stm32f1xx_hal_mmc.c"
arm-none-eabi-gcc "../libraries/STM32F1xx_HAL_Driver/Src/stm32f1xx_hal_nand.c"
arm-none-eabi-gcc "../libraries/STM32F1xx_HAL_Driver/Src/stm32f1xx_hal_nor.c"
arm-none-eabi-gcc "../libraries/STM32F1xx_HAL_Driver/Src/stm32f1xx_hal_pccard.c"
arm-none-eabi-gcc "../libraries/STM32F1xx_HAL_Driver/Src/stm32f1xx_hal_pcd.c"
arm-none-eabi-gcc "../libraries/STM32F1xx_HAL_Driver/Src/stm32f1xx_hal_pcd_ex.c"
arm-none-eabi-gcc "../libraries/STM32F1xx_HAL_Driver/Src/stm32f1xx_hal_pwr.c"
arm-none-eabi-gcc "../libraries/STM32F1xx_HAL_Driver/Src/stm32f1xx_hal_rcc.c"
arm-none-eabi-gcc "../libraries/STM32F1xx_HAL_Driver/Src/stm32f1xx_hal_rcc_ex.c"
arm-none-eabi-gcc "../libraries/STM32F1xx_HAL_Driver/Src/stm32f1xx_hal_rtc.c"
arm-none-eabi-gcc "../libraries/STM32F1xx_HAL_Driver/Src/stm32f1xx_hal_rtc_ex.c"
arm-none-eabi-gcc "../libraries/STM32F1xx_HAL_Driver/Src/stm32f1xx_hal_sd.c"
arm-none-eabi-gcc "../libraries/STM32F1xx_HAL_Driver/Src/stm32f1xx_hal_smartcard.c"
arm-none-eabi-gcc "../libraries/STM32F1xx_HAL_Driver/Src/stm32f1xx_hal_spi.c"
arm-none-eabi-gcc "../libraries/STM32F1xx_HAL_Driver/Src/stm32f1xx_hal_sram.c"
arm-none-eabi-gcc "../libraries/STM32F1xx_HAL_Driver/Src/stm32f1xx_hal_tim.c"
arm-none-eabi-gcc "../libraries/STM32F1xx_HAL_Driver/Src/stm32f1xx_hal_tim_ex.c"
arm-none-eabi-gcc "../libraries/STM32F1xx_HAL_Driver/Src/stm32f1xx_hal_uart.c"
arm-none-eabi-gcc "../libraries/STM32F1xx_HAL_Driver/Src/stm32f1xx_hal_usart.c"
arm-none-eabi-gcc "../libraries/STM32F1xx_HAL_Driver/Src/stm32f1xx_hal_wwdg.c"
arm-none-eabi-gcc "../libraries/STM32F1xx_HAL_Driver/Src/stm32f1xx_ll_usb.c"
arm-none-eabi-gcc "../libraries/CMSIS/Device/ST/STM32F1xx/Source/Templates/gcc/startup_stm32f103xe.S"
arm-none-eabi-gcc "../libraries/CMSIS/Device/ST/STM32F1xx/Source/Templates/system_stm32f1xx.c"
arm-none-eabi-gcc "../drivers/board.c"
arm-none-eabi-gcc "../drivers/drv_adc.c"
arm-none-eabi-gcc "../drivers/drv_clk.c"
arm-none-eabi-gcc "../drivers/drv_common.c"
arm-none-eabi-gcc "../drivers/drv_eth.c"
arm-none-eabi-gcc "../drivers/drv_flash_f1.c"
arm-none-eabi-gcc "../drivers/drv_gpio.c"
arm-none-eabi-gcc "../drivers/drv_hwtimer.c"
arm-none-eabi-gcc "../drivers/drv_pwm.c"
arm-none-eabi-gcc "../drivers/drv_qspi.c"
arm-none-eabi-gcc "../drivers/drv_rtc.c"
arm-none-eabi-gcc "../drivers/drv_sdio.c"
arm-none-eabi-gcc "../drivers/drv_soft_i2c.c"
arm-none-eabi-gcc "../drivers/drv_spi.c"
arm-none-eabi-gcc "../drivers/drv_usart.c"
arm-none-eabi-gcc "../drivers/drv_usbd.c"
arm-none-eabi-gcc "../drivers/drv_usbh.c"
arm-none-eabi-gcc "../drivers/drv_wdt.c"
arm-none-eabi-gcc "../applications/main.c"
linking...
arm-none-eabi-objcopy -O binary "rtthread.elf"  "rtthread.bin"
arm-none-eabi-size --format=berkeley "rtthread.elf"
   text	   data	    bss	    dec	    hex	filename
  50172	   1432	   3320	  54924	   d68c	rtthread.elf

              Used Size(B)           Used Size(KB)
Flash:          51604 B               50.39 KB
RAM:             4752 B                4.64 KB

23:07:58 Build Finished. 0 errors, 0 warnings. (took 13s.718ms)

